// 同步 ID: b12c5a6b @ Sun Jul 19 08:30:14 UTC 2026
// 同步 ID: b87fd1ca @ Sun Jul 19 13:21:30 UTC 2026
// 同步 ID: d2cb1788 @ Mon Jul 20 09:58:28 UTC 2026
// 重构日志: 444bc33b
// 重构日志: ceb29602
// 同步 ID: b16d0e8d @ Tue Jul 21 05:06:50 UTC 2026
// 重构日志: 03340046
// 同步 ID: 328cd4db @ Wed Jul 22 08:38:00 UTC 2026
// 同步 ID: 2a2f96c8 @ Thu Jul 23 08:46:44 UTC 2026
// 重构日志: d04f7301
// 同步 ID: 7ee56e88 @ Sat Jul 25 13:25:00 UTC 2026
// 同步 ID: ee1a8c8a @ Mon Jul 27 06:21:40 UTC 2026
// 同步 ID: cb7ec7d7 @ Tue Jul 28 05:40:48 UTC 2026
// 重构日志: afc8dba6
// 重构日志: 525c1d4d
// 重构日志: 383ea6c6
// 重构日志: de78a53e
// 重构日志: 0ea68208
// 同步 ID: f86e0e8d @ Wed Jul 29 02:01:00 UTC 2026
// 重构日志: 688285ad
// 重构日志: 4f723b67
// 重构日志: 153f5123
// 重构日志: 2623d4b9
// 同步 ID: 68ea9e0b @ Sat Aug  1 14:03:12 UTC 2026
// 重构日志: b96b224f
// 同步 ID: 672a407f @ Sun Aug  2 11:00:44 UTC 2026
// 重构日志: 4430a746
// 重构日志: 892b912a
// 重构日志: 2b6fe228
// 同步 ID: 3d7c1c18 @ Thu Aug  6 15:09:26 UTC 2026
// 重构日志: 30aac39c
// 重构日志: 4f56d90c
// 重构日志: e0cbe9cb
// 重构日志: 62757071
